contaminant,sum,max,mean
CO2,3627.421466493126,2.5600373333333333,0.649959051512834
NOx,90.7153830592304,0.06422165383333334,0.016254324146072464
SOx,2.3268074998616544,0.0016421346,4.169158752663778e-4
